[backblue.gif]
[fade.gif]
[index.html]
[bendarby.co.uk/assets/favicons/apple-touch-icon.png]
[bendarby.co.uk/assets/favicons/favicon-32x32.png]
[bendarby.co.uk/assets/favicons/favicon-16x16.png]
[bendarby.co.uk/js/modernizr-custom.js]
[ajax.googleapis.com/ajax/libs/jquery/2.1.4/jquery.min.js]
[form.questionscout.com/qs-form-script.min.js]
[cdnjs.cloudflare.com/ajax/libs/simplex-noise/2.4.0/simplex-noise.min.js]
[bendarby.co.uk/js/libs/anime.min.js]
[bendarby.co.uk/js/libs/inviewport.js]
[bendarby.co.uk/js/libs/swup.js]
[bendarby.co.uk/js/main.js]
[bendarby.co.uk/index.html]
[cdnjs.cloudflare.com/ajax/libs/paper.js/0.12.0/paper-core.min.js]
[bteam.co/assets/favicons/apple-touch-icon.png]
[bendarby.co.uk/css/style.css]
[bendarby.co.uk/assets/favicons/manifest.html]
[bendarby.co.uk/assets/favicons/safari-pinned-tab.svg]
[bendarby.co.uk/assets/img/portrait.jpg]
[bendarby.co.uk/about/index.html]
[bendarby.co.uk/assets/icons/source/arrow-down.svg]
[bendarby.co.uk/assets/icons/source/email.svg]
[bendarby.co.uk/assets/icons/source/menu-close.svg]
[bendarby.co.uk/assets/icons/source/dribbble.svg]
[bendarby.co.uk/assets/icons/source/twitter.svg]
[bendarby.co.uk/assets/img/di-work.jpg]
[bendarby.co.uk/assets/img/gnr-work.jpg]
[bendarby.co.uk/assets/img/arc-work.jpg]
[bendarby.co.uk/assets/img/bluehealth-work.jpg]
[bendarby.co.uk/assets/img/hae-work.jpg]
[bendarby.co.uk/assets/img/wave-work.jpg]
[bendarby.co.uk/work/index.html]
[bendarby.co.uk/js/vendor/jquery-2.1.4.min.html]
[bendarby.co.uk/assets/icons/source/menu-close-white.svg]
[bendarby.co.uk/assets/icons/source/menu-pink.svg]
[bendarby.co.uk/assets/icons/source/menu-blue.svg]
[bendarby.co.uk/assets/icons/source/menu-yellow.svg]
[bendarby.co.uk/assets/icons/source/arrow-down-pink.svg]
[bendarby.co.uk/assets/icons/source/arrow-down-blue.svg]
[bendarby.co.uk/assets/icons/source/arrow-up-blue.svg]
[bendarby.co.uk/assets/icons/source/arrow-up-yellow.svg]
[bendarby.co.uk/assets/icons/source/email-pink.svg]
[bendarby.co.uk/assets/icons/source/email-blue.svg]
[bendarby.co.uk/assets/icons/source/email-yellow.svg]
[bendarby.co.uk/assets/icons/source/drop.svg]
[bendarby.co.uk/assets/img/brush-pink.svg]
[bendarby.co.uk/assets/img/brush-blue.svg]
[bendarby.co.uk/assets/img/brush-yellow.svg]
[bendarby.co.uk/assets/icons/source/quotes-blue.svg]
[bendarby.co.uk/assets/img/brush-white.svg]
[bendarby.co.uk/assets/icons/source/arrow-up.svg]
[bendarby.co.uk/assets/icons/source/web.svg]
[bendarby.co.uk/assets/icons/source/product.svg]
[bendarby.co.uk/assets/icons/source/frontend.svg]
[bendarby.co.uk/assets/icons/source/ux.svg]
[bendarby.co.uk/assets/img/flourish-grey.svg]
[bendarby.co.uk/assets/icons/source/quotes.svg]
[bendarby.co.uk/about/js/vendor/jquery-2.1.4.min.html]
[bendarby.co.uk/assets/img/di-main.jpg]
[bendarby.co.uk/assets/img/di-preview.jpg]
[bendarby.co.uk/assets/img/di-mobile.jpg]
[bendarby.co.uk/assets/img/di-mobile-2.jpg]
[bendarby.co.uk/assets/img/di-preview-alt.jpg]
[bendarby.co.uk/work/development-initiatives/index.html]
[bendarby.co.uk/assets/img/di-logo.svg]
[bendarby.co.uk/assets/img/gnr-main.jpg]
[bendarby.co.uk/assets/img/gnr-preview.jpg]
[bendarby.co.uk/assets/img/gnr-work-1.jpg]
[bendarby.co.uk/assets/img/gnr-work-2.jpg]
[bendarby.co.uk/assets/img/gnr-full.jpg]
[bendarby.co.uk/assets/img/gnr-work-3.jpg]
[bendarby.co.uk/assets/img/gnr-work-4.jpg]
[bendarby.co.uk/work/global-nutrition-report/index.html]
[bendarby.co.uk/assets/img/gnr-logo.svg]
[bendarby.co.uk/assets/img/arc-main.jpg]
[bendarby.co.uk/assets/img/arc-preview.jpg]
[bendarby.co.uk/assets/img/arc-mobile.png]
[bendarby.co.uk/assets/img/arc-mobile-2.png]
[bendarby.co.uk/assets/img/arc-full.jpg]
[bendarby.co.uk/work/arc-west/index.html]
[bendarby.co.uk/assets/img/arc-logo.svg]
[bendarby.co.uk/assets/img/bluehealth-main.jpg]
[bendarby.co.uk/assets/img/bluehealth-preview.jpg]
[bendarby.co.uk/assets/img/bh-mobile.png]
[bendarby.co.uk/assets/img/bh-mobile-2.png]
[bendarby.co.uk/assets/img/bluehealth-full.jpg]
[bendarby.co.uk/work/bluehealth/index.html]
[bendarby.co.uk/assets/img/bluehealth-logo.svg]
[bendarby.co.uk/assets/img/hae-main.jpg]
[bendarby.co.uk/assets/img/hae-pre.png]
[bendarby.co.uk/assets/img/hae-mobile.png]
[bendarby.co.uk/assets/img/hae-mobile-2.png]
[bendarby.co.uk/assets/img/hae-full.png]
[bendarby.co.uk/work/hae/index.html]
[bendarby.co.uk/assets/img/apriori-logo.svg]
[bendarby.co.uk/assets/img/wave-logo.svg]
[bendarby.co.uk/work/js/vendor/jquery-2.1.4.min.html]
[bendarby.co.uk/work/development-initiatives/js/vendor/jquery-2.1.4.min.html]
[bendarby.co.uk/work/global-nutrition-report/js/vendor/jquery-2.1.4.min.html]
[bendarby.co.uk/work/arc-west/js/vendor/jquery-2.1.4.min.html]
[bendarby.co.uk/work/bluehealth/js/vendor/jquery-2.1.4.min.html]
[bendarby.co.uk/work/hae/js/vendor/jquery-2.1.4.min.html]
